    24 words in hash set
    63 size of hash array
    17 clusters of size   1
     2 clusters of size   2
     1 clusters of size   3
