array[         0] =   3402586341 "steaks"
array[         1] = 3284502156370 "test3.in"
array[         6] = 2974741691055504 "misspelled"
array[         7] =       116116 "usr"
array[        11] = 102585179351 "plainly"
array[        14] =   3188794406 "letter"
array[        17] = 3284502096788 "test1.in"
array[        18] = 2685668084317118016 "fooffoooofoo"
array[        20] = 3266345635454 "spellchk"
array[        23] =   3426816794 "tolled"
array[        28] =    113318569 "words"
array[        32] =         2363 "Id"
array[        33] =      3083190 "dict"
array[        35] =    108407411 "revue"
                  =  90937053809 "chequer"
array[        36] =       104616 "its"
array[        41] =      3125534 "ever"
array[        42] =   3000332139 "errors"
                  =    109413654 "shows"
array[        46] = 7779605154821544664 "# $Id: user.dict,v 1.4 2013-03-11 12:56:16-07 - - $"
                  = 3266345641402 "spelling"
                  = 103045149163513 "user.dict"
array[        49] =  99623692336 "marques"
array[        59] = 102588639674 "pleased"
