**** ## $Id: data3.in,v 1.1 2013-10-16 12:50:14-07 - - $ ##
**** a : 3.14
a: 3.14
   null
**** b : 2.78
b: 2.78
   null
**** c : 8.77
c: 8.77
   null
**** d = abc**
d: 76.555084
   (a*(b*c))
**** d?
d: 76.555084
   (a*(b*c))
**** e = ab*c*
e: 76.555084
   ((a*b)*c)
**** e?
e: 76.555084
   ((a*b)*c)
**** FINAL SYMBOL TABLE ****
a: 3.14
   null
b: 2.78
   null
c: 8.77
   null
d: 76.555084
   (a*(b*c))
e: 76.555084
   ((a*b)*c)
