**** ## $Id: data4.in,v 1.1 2013-10-16 12:50:14-07 - - $ ##
**** a: 1.7
a: 1.7
   null
**** b= ac+ ac+*
b: nan
   ((a+c)*(a+c))
**** c:3
c: 3
   null
**** b ?
b: 22.09
   ((a+c)*(a+c))
**** z :0
z: 0
   null
**** y= a z/
y: inf
   (a/z)
**** h: 1e300
h: 1e+300
   null
**** i=hh*
i: inf
   (h*h)
**** k=ii-
k: -nan
   (i-i)
**** k=ii/
k: -nan
   (i/i)
**** p : 3.141592653589793238462643383279502884197169399
p: 3.14159265358979
   null
**** e : 2.718281828459045235360287471352662497757247093
e: 2.71828182845905
   null
**** l : 0.301029995663981195213738894724493026768189881
l: 0.301029995663981
   null
**** t : 1.414213562373095048801688724209698078569671875
t: 1.41421356237309
   null
**** m = pe*
m: 8.53973422267357
   (p*e)
**** n = ep*
n: 8.53973422267357
   (e*p)
**** o = pe* ep*-
o: 0
   ((p*e)-(e*p))
**** s = pelt***
s: 3.63554165285932
   (p*(e*(l*t)))
**** s = pe+l+t-
s: 4.74669091533973
   (((p+e)+l)-t)
**** f = pe+l+t-pe+l+t-pe+l+t-pe+l+t-///
f: 1
   ((((p+e)+l)-t)/((((p+e)+l)-t)/((((p+e)+l)-t)/(((p+e)+l)-t))))
**** o:1
o: 1
   null
**** t:.00000000000000000000033333333333333333333333333333
t: 3.33333333333333e-22
   null
**** u=ot/
u: 3e+21
   (o/t)
**** z:0
z: 0
   null
**** n=zi-
n: -inf
   (z-i)
**** FINAL SYMBOL TABLE ****
a: 1.7
   null
b: 22.09
   ((a+c)*(a+c))
c: 3
   null
e: 2.71828182845905
   null
f: 1
   ((((p+e)+l)-t)/((((p+e)+l)-t)/((((p+e)+l)-t)/(((p+e)+l)-t))))
h: 1e+300
   null
i: inf
   (h*h)
l: 0.301029995663981
   null
m: 8.53973422267357
   (p*e)
n: -inf
   (z-i)
o: 1
   null
p: 3.14159265358979
   null
s: 4.74669091533973
   (((p+e)+l)-t)
t: 3.33333333333333e-22
   null
u: 3e+21
   (o/t)
y: inf
   (a/z)
z: 0
   null
