**** ## $Id: data0.in,v 1.1 2013-10-16 12:50:14-07 - - $ ##
**** a:1.7
a: 1.7
   null
**** b=aa+
b: 3.4
   (a+a)
**** b=aa*
b: 2.89
   (a*a)
**** b=aa/
b: 1
   (a/a)
**** c=bb+
c: 2
   (b+b)
**** d=cc*
d: 4
   (c*c)
**** a:1
a: 1
   null
**** b:2
b: 2
   null
**** c:3
c: 3
   null
**** d:44
d: 44
   null
**** e=ab*cd*+ac/bd/-+
e: 134.287878787879
   (((a*b)+(c*d))+((a/c)-(b/d)))
**** e?
e: 134.287878787879
   (((a*b)+(c*d))+((a/c)-(b/d)))
**** a:10
a: 10
   null
**** e?
e: 155.287878787879
   (((a*b)+(c*d))+((a/c)-(b/d)))
**** FINAL SYMBOL TABLE ****
a: 10
   null
b: 2
   null
c: 3
   null
d: 44
   null
e: 155.287878787879
   (((a*b)+(c*d))+((a/c)-(b/d)))
