**** ## $Id: data2.in,v 1.1 2013-10-16 12:50:14-07 - - $ ##
**** a : 1.2
a: 1.2
   null
**** b : 3.5
b: 3.5
   null
**** c = a b +
c: 4.7
   (a+b)
**** c?
c: 4.7
   (a+b)
**** b:-45e28
b: -4.5e+29
   null
**** c?
c: -4.5e+29
   (a+b)
**** a :45e29
a: 4.5e+30
   null
**** c?
c: 4.05e+30
   (a+b)
**** b=aa*
b: 2.025e+61
   (a*a)
**** c?
c: 2.025e+61
   (a+b)
**** c?
c: 2.025e+61
   (a+b)
**** FINAL SYMBOL TABLE ****
a: 4.5e+30
   null
b: 2.025e+61
   (a*a)
c: 2.025e+61
   (a+b)
